// Jest Snapshot v1, https://goo.gl/fbAQLP

exports[`<Main /> should render the heading 1`] = `
<main
  class="sc-bdnyFh kdIumV"
>
  <img
    alt="Imagem de um átomo e React Avançado escrito ao lado."
    class="sc-gtsqUy jbCRiN"
    src="/img/logo.svg"
  />
  <h1
    class="sc-dlniIP hwZcQi"
  >
    React Avançado
  </h1>
  <h2
    class="sc-hKFymg kOglSk"
  >
    TypeScript, ReactJS, NextJS e Styled Components
  </h2>
  <img
    alt="Um desenvolvedor de frente para uma tela com código."
    class="sc-eCAqax gnpEeN"
    src="/img/hero-illustration.svg"
  />
</main>
`;
